S12337189604910226020C049605910326020C05960491022C189602970996049702960945
S123373897049603970996059703960997050A04D603D1052F0F86FF970D0A0396039005CA
S12337584C970B200D8601970D0A05960590034C970BD604D1022C0486FF20028601971228
S123377881012606D604D0022004D602D0045CD70C960C910B102C007C960C9709960B9754
S12337980C9609970BD60CBD3AD3960AD60D3DD7130F0E960C489714960D81002F060F1040
S12337B80F112009960A9710960A4A9711960E910B102C003EBD3ADF9614910B2F14BD3ABB
S12337D8EBD603D010BD386196099B139B0D9703200F960AD603D011BD386196099B139781
S12337F803960C489B1497140C0E96029B12970216FFBA2053D60CBD3AD3960AD6123DD7E4
S12338180F0F0E960C489714960E910B102C0038BD3ADF9614910B102F0010BD3AEBBD38D5
S1233838DB96099B0F9B129702200B960ABD38DB96099B0F9702960C489B1497140C0E9691
S1233858039B0D970316FFC039970896039709D703BD3AB6D602C401271486059A069717E9
S123387886049A06971686019A0697152012860A9A06971786089A06971686029A069715C3
S1233898D603C40127119615AA84A7840A0A0C031F10C300201F01960A81012F179617AA1E
S12338B884A7840A0A0A0A0C030C031F10C300201F0120E30D0A27069616AA84A7849608DB
S12338D8970A39970896029709BD3AB6D603C401271486039A06971786019A069715860263
S12338F89A0697162012860C9A06971786049A06971586089A069716D602C401270A961523
S1233918AA84A7800A0A0C02960A81032F16EC849A17DA17ED81960A8004970A96028B043F
S1233938970220E4960A81012F109617AA84A7800A0A0A0A0C020C0220EA960A27089616A2
S1233958AA84A7800C0216FF757D3700271BB6FF02B6FF03848027F9B6FF02B7FFC7B7FFEB
S1233978CBB7FFCDB7FFCF2019B6FF02B6FF03848027F9B6FF02B7FFC6B7FFCAB7FFCCB7A0
S1233998FFCE397D37002706863E1F8B200486041F8B7F3707CC8080DD82DD84DD86DD884D
S12339B8DD8ADD8CDD8EDD90DD92DD94DD96DD98DD9ADD9CDDA2DDA4DDA6DDA8DDAADDAC73
S12339D8DDAEDDB0DDB2DDB4DDB6DDB8DDBADDBC7D3707102600C2DDC2DDC4DDC6DDC8DD23
S12339F8CADDCCDDCEDDD0DDD2DDD4DDD6DDD8DDDADDDCDDE2DDE4DDE6DDE8DDEADDECDD33
S1233A18EEDDF0DDF2DDF4DDF6DDF8DDFADDFC7D3700260686051F8B2004863F1F8BCC80E3
S1233A3880DD02DD04DD06DD08DD0ADD0CDD0EDD10DD12DD14DD16DD18DD1ADD1CDD22DD26
S1233A5824DD26DD28DD2ADD2CDD2EDD30DD32DD34DD36DD38DD3ADD3CDD42DD44DD46DD3E
S1233A7848DD4ADD4CDD4EDD50DD52DD54DD56DD58DD5ADD5CDD62DD64DD66DD68DD6ADDD6
S1233A986CDD6EDD70DD72DD74DD76DD78DD7ADD7C8601B7370716FEFC86371F8B39D60309
S1233AB85786203D109E010702D301109F01C304000D002703C33A001F01398600D00B2D92
S1233AD8034C20F9970A39960BD60A3D5850DB14D714399614900B900B9714960A0C0A3995
S1233AF8B6FF038A02B7FF0386371F8BCE3C0011833DFF2F03CE3C00BD399B86009701EC95
S1233B18C1DD02ECC1DD04BD3718ECC1DD02ECC1DD04BD3718ECC1DD02ECC1DD04BD371803
S1233B38ECC1DD02ECC1DD04BD3718ECC1DD02ECC1DD04BD3718ECC1DD02ECC1DD04BD370F
S1233B5818ECC1DD02ECC1DD04BD3718ECC1DD02ECC1DD04BD3718BD3961860190009700E0
S1063B7816FF8CA5
S9030000FC
